// Jest Snapshot v1, https://goo.gl/fbAQLP

exports[`heroCard renders correctly 1`] = `
ShallowWrapper {
  Symbol(enzyme.__root__): [Circular],
  Symbol(enzyme.__unrendered__): <WithStyles(HeroCard)
    heroId={
      Object {
        "comics": Object {
          "items": Array [
            "comics",
          ],
        },
        "name": "test",
        "series": Object {
          "items": Array [
            "series",
          ],
        },
        "thumbnail": Object {
          "extension": ".jpg",
          "path": "pathTest",
        },
      }
    }
  />,
  Symbol(enzyme.__renderer__): Object {
    "batchedUpdates": [Function],
    "getNode": [Function],
    "render": [Function],
    "simulateError": [Function],
    "simulateEvent": [Function],
    "unmount": [Function],
  },
  Symbol(enzyme.__node__): Object {
    "instance": null,
    "key": undefined,
    "nodeType": "function",
    "props": Object {
      "classes": Object {
        "head": "HeroCard-head-4",
        "image": "HeroCard-image-2",
        "img": "HeroCard-img-3",
        "root": "HeroCard-root-1",
        "secondLevelHead": "HeroCard-secondLevelHead-5",
      },
      "heroId": Object {
        "comics": Object {
          "items": Array [
            "comics",
          ],
        },
        "name": "test",
        "series": Object {
          "items": Array [
            "series",
          ],
        },
        "thumbnail": Object {
          "extension": ".jpg",
          "path": "pathTest",
        },
      },
    },
    "ref": null,
    "rendered": null,
    "type": [Function],
  },
  Symbol(enzyme.__nodes__): Array [
    Object {
      "instance": null,
      "key": undefined,
      "nodeType": "function",
      "props": Object {
        "classes": Object {
          "head": "HeroCard-head-4",
          "image": "HeroCard-image-2",
          "img": "HeroCard-img-3",
          "root": "HeroCard-root-1",
          "secondLevelHead": "HeroCard-secondLevelHead-5",
        },
        "heroId": Object {
          "comics": Object {
            "items": Array [
              "comics",
            ],
          },
          "name": "test",
          "series": Object {
            "items": Array [
              "series",
            ],
          },
          "thumbnail": Object {
            "extension": ".jpg",
            "path": "pathTest",
          },
        },
      },
      "ref": null,
      "rendered": null,
      "type": [Function],
    },
  ],
  Symbol(enzyme.__options__): Object {
    "adapter": ReactSixteenAdapter {
      "options": Object {
        "enableComponentDidUpdateOnSetState": true,
        "lifecycles": Object {
          "componentDidUpdate": Object {
            "onSetState": true,
          },
          "getDerivedStateFromProps": true,
          "getSnapshotBeforeUpdate": true,
          "setState": Object {
            "skipsComponentDidUpdateOnNullish": true,
          },
        },
      },
    },
  },
}
`;
